Active-HDL 13.0.375.8320 2024-07-09 10:28:51

Elaboration top modules:
VHDL Configuration            testbench_for_processor


----------------------------------------------------------------------------------------------------
Entity       | Architecture    | Library   | Info | Compiler Version          | Compilation Options
----------------------------------------------------------------------------------------------------
processor_tb | TB_ARCHITECTURE | processor |      | 13.0.375.8320 (Windows64) | -dbg
Processor    | Processor       | processor |      | 13.0.375.8320 (Windows64) | -dbg
----------------------------------------------------------------------------------------------------

----------------------------------------------------------------------------------------------------
VHDL Configuration             | Library   | Info | Compiler Version          | Compilation Options
----------------------------------------------------------------------------------------------------
testbench_for_processor        | processor |      | 13.0.375.8320 (Windows64) | -dbg
----------------------------------------------------------------------------------------------------

----------------------------------------------------------------------------------------------------
VHDL Package                   | Library   | Info | Compiler Version          | Compilation Options
----------------------------------------------------------------------------------------------------
standard                       | std       |      |                           | <unavailable>
TEXTIO                         | std       |      | 13.0.375.8320 (Windows64) |  -2019
std_logic_1164                 | ieee      |      | 13.0.375.8320 (Windows64) |  -2008
NUMERIC_STD                    | ieee      |      | 13.0.375.8320 (Windows64) |  -2008
std_logic_arith                | ieee      |      | 13.0.375.8320 (Windows64) | <unavailable>
STD_LOGIC_UNSIGNED             | ieee      |      | 13.0.375.8320 (Windows64) | <unavailable>
----------------------------------------------------------------------------------------------------

----------------------------------------------------------------------------------------------------
Library                        | Comment
----------------------------------------------------------------------------------------------------
ieee                           | Standard IEEE packages library
processor                      | None
std                            | Standard VHDL library
----------------------------------------------------------------------------------------------------


Simulation Options: asim +access +r TESTBENCH_FOR_processor

